
> my-carwash-app@0.0.0 build
> vite build

[36mvite v6.4.1 [32mbuilding for production...[36m[39m
[32mΓ£ô[39m 0 modules transformed.
node.exe : 
[31mΓ£ù[39m Build 
failed in 18ms
En línea: 1 
Carácter: 1
+ & "C:\Program Files
\nodejs/node.exe" 
"C:\Program 
Files\nodejs/node_mo 
...
+ ~~~~~~~~~~~~~~~~~~~
~~~~~~~~~~~~~~~~~~~~~
~~~~~~~~~~~~~~~~~~~~~
~~~~~~~~
    + CategoryInfo   
           : NotSpe  
  cified: ([31mΓ£   
 ù[39m Build fai    
led in 18ms:Stri    
ng) [], RemoteEx    
ception
    + FullyQualified 
   ErrorId : Native  
  CommandError
 
[31merror during 
build:
[31mCould not 
resolve entry module 
"landing-page/index.h
tml".[31m
    at 
getRollupError (file:
///C:/Users/rodrigo/D
ocuments/my%20carwash
%20app%20ia%20studio/
node_modules/rollup/d
ist/es/shared/parseAs
t.js:401:41)
    at error (file://
/C:/Users/rodrigo/Doc
uments/my%20carwash%2
0app%20ia%20studio/no
de_modules/rollup/dis
t/es/shared/parseAst.
js:397:42)
    at ModuleLoader.l
oadEntryModule (file:
///C:/Users/rodrigo/D
ocuments/my%20carwash
%20app%20ia%20studio/
node_modules/rollup/d
ist/es/shared/node-en
try.js:21611:20)
    at async 
Promise.all (index 
1)[39m
